myUsartFunction.c:55:6:my_UsartInit	8	static
myUsartFunction.c:71:13:myInitUsartMode	24	static
myUsartFunction.c:97:21:getUsartDevice	16	static
myUsartFunction.c:115:5:_write	24	static
myUsartFunction.c:118:5:my_write_DMA	32	static
myUsartFunction.c:161:6:HAL_UART_TxCpltCallback	32	static
myUsartFunction.c:207:6:myUsartDMAIdleIRQ	32	static
myUsartFunction.c:224:6:myUsartDMAIRQ	16	static
myUsartFunction.c:237:6:myUsartIntIRQ	24	static
myUsartFunction.c:266:6:Usart_ReceivePolling	8	static
myUsartFunction.c:278:20:_serialCallback	24	static
myUsartFunction.c:289:13:UsartRxIntReceivedPolling	16	static
myUsartFunction.c:298:13:UsartRxDMAIdleReceivedPolling	24	static
myUsartFunction.c:366:5:my_read_DMA_byte	32	static
myUsartFunction.c:396:13:printfBin_init	8	static
myUsartFunction.c:405:6:printfBin_appendData	16	static
myUsartFunction.c:409:6:printfBin	16	static
