myUsartFunction.c:37:21:getUsartDevice	16	static
myUsartFunction.c:84:6:my_UsartInit	8	static
myUsartFunction.c:100:6:myInitUsartMode	24	static
myUsartFunction.c:126:6:myUsartDMAIRQ	32	static
myUsartFunction.c:145:5:_write	32	static
myUsartFunction.c:182:6:HAL_UART_TxCpltCallback	24	static
myUsartFunction.c:212:6:myUsartIntIRQ	24	static
myUsartFunction.c:238:6:UsartDMAReceiveHandler	24	static
myUsartFunction.c:306:6:Usart_ReceiveHandler	8	static
myUsartFunction.c:338:6:printfBin_init	8	static
myUsartFunction.c:347:6:printfBin_appendData	16	static
myUsartFunction.c:351:6:printfBin	16	static
