PWMBoardSPI.c:42:13:PWM_CS_LOW	4	static
PWMBoardSPI.c:47:13:PWM_CS_HIGH	4	static
PWMBoardSPI.c:52:13:PWMBoardSPI_Callback	8	static,ignoring_inline_asm
PWMBoardSPI.c:63:13:PWMBoardSPI_sendFrame	16	static
PWMBoardSPI.c:71:16:PWMBoardSPI_getCorEnabled	16	static
PWMBoardSPI.c:80:13:PWMBoardSPI_bufferCMD	24	static
PWMBoardSPI.c:86:13:PWMBoardSPI_bufferDutyChannel	40	static
PWMBoardSPI.c:128:13:PWMBoardSPI_bufferCorrection	32	static
PWMBoardSPI.c:155:13:PWMBoardSPI_setOutputEnable	16	static
PWMBoardSPI.c:162:13:PWMBoardSPI_setCorrectionEnable	24	static
PWMBoardSPI.c:175:13:PWMBoardSPI_startPWMCK	16	static
PWMBoardSPI.c:183:6:PWMBoardSPI_writeFrequency	24	static
PWMBoardSPI.c:195:6:PWMBoardSPI_writeDuty	16	static
PWMBoardSPI.c:199:6:PWMBoardSPI_writeCorrectionAll	24	static
PWMBoardSPI.c:208:6:PWMBoardSPI_flushDutyAll	16	static
PWMBoardSPI.c:224:6:PWMBoardSPI_init	16	static
PWMBoardSPI.c:268:13:PWMBoardSPI_reset	8	static
