stm32f7xx_it.c:92:6:NMI_Handler	4	static
stm32f7xx_it.c:105:6:HardFault_Handler	4	static
stm32f7xx_it.c:120:6:MemManage_Handler	4	static
stm32f7xx_it.c:135:6:BusFault_Handler	4	static
stm32f7xx_it.c:150:6:UsageFault_Handler	4	static
stm32f7xx_it.c:165:6:DebugMon_Handler	4	static
stm32f7xx_it.c:185:6:EXTI0_IRQHandler	8	static
stm32f7xx_it.c:199:6:EXTI1_IRQHandler	8	static
stm32f7xx_it.c:213:6:EXTI2_IRQHandler	8	static
stm32f7xx_it.c:227:6:EXTI3_IRQHandler	8	static
stm32f7xx_it.c:241:6:EXTI4_IRQHandler	8	static
stm32f7xx_it.c:255:6:DMA1_Stream0_IRQHandler	8	static
stm32f7xx_it.c:269:6:DMA1_Stream1_IRQHandler	8	static
stm32f7xx_it.c:283:6:DMA1_Stream4_IRQHandler	8	static
stm32f7xx_it.c:297:6:DMA1_Stream5_IRQHandler	8	static
stm32f7xx_it.c:311:6:DMA1_Stream6_IRQHandler	8	static
stm32f7xx_it.c:325:6:CAN1_RX0_IRQHandler	8	static
stm32f7xx_it.c:339:6:CAN1_RX1_IRQHandler	8	static
stm32f7xx_it.c:353:6:EXTI9_5_IRQHandler	8	static
stm32f7xx_it.c:367:6:TIM1_UP_TIM10_IRQHandler	8	static
stm32f7xx_it.c:382:6:USART1_IRQHandler	8	static
stm32f7xx_it.c:396:6:USART2_IRQHandler	8	static
stm32f7xx_it.c:410:6:USART3_IRQHandler	8	static
stm32f7xx_it.c:424:6:TIM5_IRQHandler	8	static
stm32f7xx_it.c:438:6:DMA2_Stream0_IRQHandler	8	static
stm32f7xx_it.c:452:6:DMA2_Stream1_IRQHandler	8	static
stm32f7xx_it.c:466:6:DMA2_Stream2_IRQHandler	8	static
stm32f7xx_it.c:480:6:DMA2_Stream3_IRQHandler	8	static
stm32f7xx_it.c:494:6:DMA2_Stream4_IRQHandler	8	static
stm32f7xx_it.c:508:6:SPI6_IRQHandler	8	static
stm32f7xx_it.c:520:6:SysTick_Handler	8	static
